{
    "fileId": "12345",
    "fileName": "test_file.txt",
    "fileSize": 1024,
    "fileType": "text/plain",
    "uploadTime": "2024-03-20T10:00:00Z",
    "status": "success"
} 